SOURCE: ПШАМНЛС
LEMMATISE: о:пшамши пшамнцн пшамнлс пшамнцн пшамши пшамшл пшамнл пшамюъ пшамни пшамни пшамсч пшамни пшамнч пшамни пшамне пшамнцн пшамнлс пшамне пшамшл пшамнл пшамше пшамшу пшамшл пшамшу пшамше пшамшлх пшамшу пшаем пшамю пшамн пшамш пшамее онпшамее пшамеи онпшамеи 

CODES: + пшамши о МН,НД,ЯП,ЛП,ДР,ЕД,

FIRST FORM: пшамши
SOURCE: ОПНАЕФЙНИ
LEMMATISE: я:опнаефйю опнаефйх опнаефйе опнаефйс опнаефйни опнаефйнч опнаефйе опнаефйх опнаефей опнаефйюл опнаефйх опнаефйюлх опнаефйюу 

CODES: + опнаефйю я ФП,РБ,ЕД,

FIRST FORM: опнаефйю
SOURCE: БШКЕРЮЛХ
LEMMATISE: я:бшкер бшкерю бшкерс бшкер бшкернл бшкере бшкерш бшкернб бшкерюл бшкерш бшкерюлх бшкерюу 

CODES: + бшкер я ЛП,РБ,ЛМ,

FIRST FORM: бшкер
SOURCE: ВХРЮРЭ
LEMMATISE: хмтхмхрхб:вхрюрэ вхрюч вхрюел вхрюеьэ вхрюере вхрюер вхрючр вхрюк вхрюкю вхрюкн вхрюкх вхрюъ вхрюб вхрюбьх вхрюи вхрюире вхрючыхи вхрючыецн вхрючыелс вхрючыецн вхрючыхи вхрючыхл вхрючыел вхрючыюъ вхрючыеи вхрючыеи вхрючысч вхрючыеи вхрючыеч вхрючыеи вхрючыее вхрючыецн вхрючыелс вхрючыее вхрючыхл вхрючыел вхрючыхе вхрючыху вхрючыхл вхрючыху вхрючыхе вхрючыхлх вхрючыху вхрюбьхи вхрюбьецн вхрюбьелс вхрюбьецн вхрюбьхи вхрюбьхл вхрюбьел вхрюбьюъ вхрюбьеи вхрюбьеи вхрюбьсч вхрюбьеи вхрюбьеч вхрюбьеи вхрюбьее вхрюбьецн вхрюбьелс вхрюбьее вхрюбьхл вхрюбьел вхрюбьхе вхрюбьху вхрюбьхл вхрюбьху вхрюбьхе вхрюбьхлх вхрюбьху вхрюелши вхрюелнцн вхрюелнлс вхрюелнцн вхрюелши вхрюелшл вхрюелнл вхрюел вхрюелюъ вхрюелни вхрюелни вхрюелсч вхрюелни вхрюелнч вхрюелни вхрюелю вхрюелне вхрюелнцн вхрюелнлс вхрюелне вхрюелшл вхрюелнл вхрюелн вхрюелше вхрюелшу вхрюелшл вхрюелшу вхрюелше вхрюелшлх вхрюелшу вхрюелш вхрюммши вхрюммнцн вхрюммнлс вхрюммнцн вхрюммши вхрюммшл вхрюммнл вхрюм вхрюммюъ вхрюммни вхрюммни вхрюммсч вхрюммни вхрюммнч вхрюммни вхрюмю вхрюммне вхрюммнцн вхрюммнлс вхрюммне вхрюммшл вхрюммнл вхрюмн вхрюммше вхрюммшу вхрюммшл вхрюммшу вхрюммше вхрюммшлх вхрюммшу вхрюмш 

CODES: + вхрюрэ хмтхмхрхб ДЯР,

FIRST FORM: вхрюрэ
